1..162
ok 1 - [PASSED TEST] Test: 'App: default', Application: 'Storybook App 1'
#	Test url: https://eyes.applitools.com/app/test-results/00000251767715429030/00000251767715412044?accountId=J26gz1YRRESrzkTuJkvvNw~~
#	Browser: Firefox 93.0, Viewport: 1024x768
#
ok 2 - [PASSED TEST] Test: 'App: default', Application: 'Storybook App 1'
#	Test url: https://eyes.applitools.com/app/test-results/00000251767715429030/00000251767715411941?accountId=J26gz1YRRESrzkTuJkvvNw~~
#	Browser: Firefox 93.0, Viewport: 800x600
#
ok 3 - [PASSED TEST] Test: 'App: default', Application: 'Storybook App 1'
#	Test url: https://eyes.applitools.com/app/test-results/00000251767715429030/00000251767715411938?accountId=J26gz1YRRESrzkTuJkvvNw~~
#	Browser: Firefox 93.0, Viewport: 100x100
#
ok 4 - [PASSED TEST] Test: 'App: default', Application: 'Storybook App 1'
#	Test url: https://eyes.applitools.com/app/test-results/00000251767715429030/00000251767715411073?accountId=J26gz1YRRESrzkTuJkvvNw~~
#	Browser: Firefox 93.0, Viewport: 400x400
#
ok 5 - [PASSED TEST] Test: 'App: default', Application: 'Storybook App 1'
#	Test url: https://eyes.applitools.com/app/test-results/00000251767715429030/00000251767715411238?accountId=J26gz1YRRESrzkTuJkvvNw~~
#	Browser: Firefox 93.0, Viewport: 100x100
#
ok 6 - [PASSED TEST] Test: 'App: default', Application: 'Storybook App 1'
#	Test url: https://eyes.applitools.com/app/test-results/00000251767715429030/00000251767715410972?accountId=J26gz1YRRESrzkTuJkvvNw~~
#	Browser: Firefox 93.0, Viewport: 400x400
#
ok 7 - [PASSED TEST] Test: 'App: default', Application: 'Storybook App 1'
#	Test url: https://eyes.applitools.com/app/test-results/00000251767715429030/00000251767715410844?accountId=J26gz1YRRESrzkTuJkvvNw~~
#	Browser: Firefox 93.0, Viewport: 1024x768
#
ok 8 - [PASSED TEST] Test: 'App: default', Application: 'Storybook App 1'
#	Test url: https://eyes.applitools.com/app/test-results/00000251767715429030/00000251767715410410?accountId=J26gz1YRRESrzkTuJkvvNw~~
#	Browser: Firefox 93.0, Viewport: 800x600
#
ok 9 - [PASSED TEST] Test: 'App: default', Application: 'Storybook App 1'
#	Test url: https://eyes.applitools.com/app/test-results/00000251767715429030/00000251767715410604?accountId=J26gz1YRRESrzkTuJkvvNw~~
#	Browser: Firefox 93.0, Viewport: 100x100
#
ok 10 - [PASSED TEST] Test: 'App: default', Application: 'Storybook App 1'
#	Test url: https://eyes.applitools.com/app/test-results/00000251767715429030/00000251767715410516?accountId=J26gz1YRRESrzkTuJkvvNw~~
#	Browser: Firefox 93.0, Viewport: 400x400
#
ok 11 - [PASSED TEST] Test: 'App: default', Application: 'Storybook App 1'
#	Test url: https://eyes.applitools.com/app/test-results/00000251767715429030/00000251767715405468?accountId=J26gz1YRRESrzkTuJkvvNw~~
#	Browser: Firefox 93.0, Viewport: 100x100
#
ok 12 - [PASSED TEST] Test: 'App: default', Application: 'Storybook App 1'
#	Test url: https://eyes.applitools.com/app/test-results/00000251767715429030/00000251767715405446?accountId=J26gz1YRRESrzkTuJkvvNw~~
#	Browser: Firefox 93.0, Viewport: 400x400
#
ok 13 - [PASSED TEST] Test: 'App: default', Application: 'Storybook App 1'
#	Test url: https://eyes.applitools.com/app/test-results/00000251767715429030/00000251767715404847?accountId=J26gz1YRRESrzkTuJkvvNw~~
#	Browser: Chrome 94.0, Viewport: 1024x768
#
ok 14 - [PASSED TEST] Test: 'App: default', Application: 'Storybook App 1'
#	Test url: https://eyes.applitools.com/app/test-results/00000251767715429030/00000251767715404729?accountId=J26gz1YRRESrzkTuJkvvNw~~
#	Browser: Chrome 94.0, Viewport: 800x600
#
ok 15 - [PASSED TEST] Test: 'App: default', Application: 'Storybook App 1'
#	Test url: https://eyes.applitools.com/app/test-results/00000251767715429030/00000251767715404668?accountId=J26gz1YRRESrzkTuJkvvNw~~
#	Browser: Chrome 94.0, Viewport: 100x100
#
ok 16 - [PASSED TEST] Test: 'App: default', Application: 'Storybook App 1'
#	Test url: https://eyes.applitools.com/app/test-results/00000251767715429030/00000251767715404696?accountId=J26gz1YRRESrzkTuJkvvNw~~
#	Browser: Chrome 94.0, Viewport: 1024x768
#
ok 17 - [PASSED TEST] Test: 'App: default', Application: 'Storybook App 1'
#	Test url: https://eyes.applitools.com/app/test-results/00000251767715429030/00000251767715404359?accountId=J26gz1YRRESrzkTuJkvvNw~~
#	Browser: Chrome 94.0, Viewport: 800x600
#
ok 18 - [PASSED TEST] Test: 'App: default', Application: 'Storybook App 1'
#	Test url: https://eyes.applitools.com/app/test-results/00000251767715429030/00000251767715404572?accountId=J26gz1YRRESrzkTuJkvvNw~~
#	Browser: Chrome 94.0, Viewport: 100x100
#
ok 19 - [PASSED TEST] Test: 'App: default', Application: 'Storybook App 1'
#	Test url: https://eyes.applitools.com/app/test-results/00000251767715429030/00000251767715404593?accountId=J26gz1YRRESrzkTuJkvvNw~~
#	Browser: Chrome 94.0, Viewport: 1024x768
#
ok 20 - [PASSED TEST] Test: 'App: default', Application: 'Storybook App 1'
#	Test url: https://eyes.applitools.com/app/test-results/00000251767715429030/00000251767715404634?accountId=J26gz1YRRESrzkTuJkvvNw~~
#	Browser: Chrome 94.0, Viewport: 800x600
#
ok 21 - [PASSED TEST] Test: 'App: default', Application: 'Storybook App 1'
#	Test url: https://eyes.applitools.com/app/test-results/00000251767715429030/00000251767715404622?accountId=J26gz1YRRESrzkTuJkvvNw~~
#	Browser: Chrome 94.0, Viewport: 100x100
#
ok 22 - [PASSED TEST] Test: 'App: default', Application: 'Storybook App 1'
#	Test url: https://eyes.applitools.com/app/test-results/00000251767715429030/00000251767715404541?accountId=J26gz1YRRESrzkTuJkvvNw~~
#	Browser: Chrome 94.0, Viewport: 1024x768
#
ok 23 - [PASSED TEST] Test: 'App: default', Application: 'Storybook App 1'
#	Test url: https://eyes.applitools.com/app/test-results/00000251767715429030/00000251767715404566?accountId=J26gz1YRRESrzkTuJkvvNw~~
#	Browser: Chrome 94.0, Viewport: 800x600
#
ok 24 - [PASSED TEST] Test: 'App: default', Application: 'Storybook App 1'
#	Test url: https://eyes.applitools.com/app/test-results/00000251767715429030/00000251767715404374?accountId=J26gz1YRRESrzkTuJkvvNw~~
#	Browser: Chrome 94.0, Viewport: 100x100
#
ok 25 - [PASSED TEST] Test: 'App: default', Application: 'Storybook App 1'
#	Test url: https://eyes.applitools.com/app/test-results/00000251767715429030/00000251767715404421?accountId=J26gz1YRRESrzkTuJkvvNw~~
#	Browser: Chrome 94.0, Viewport: 1024x768
#
ok 26 - [PASSED TEST] Test: 'App: default', Application: 'Storybook App 1'
#	Test url: https://eyes.applitools.com/app/test-results/00000251767715429030/00000251767715404019?accountId=J26gz1YRRESrzkTuJkvvNw~~
#	Browser: Chrome 94.0, Viewport: 800x600
#
ok 27 - [PASSED TEST] Test: 'App: default', Application: 'Storybook App 1'
#	Test url: https://eyes.applitools.com/app/test-results/00000251767715429030/00000251767715403675?accountId=J26gz1YRRESrzkTuJkvvNw~~
#	Browser: Chrome 94.0, Viewport: 100x100
#
ok 28 - [PASSED TEST] Test: 'Button 2: with some emoji', Application: 'Storybook App 1'
#	Test url: https://eyes.applitools.com/app/test-results/00000251767715429030/00000251767715413243?accountId=J26gz1YRRESrzkTuJkvvNw~~
#	Browser: Firefox 93.0, Viewport: 1024x768
#
ok 29 - [PASSED TEST] Test: 'Button 2: with some emoji', Application: 'Storybook App 1'
#	Test url: https://eyes.applitools.com/app/test-results/00000251767715429030/00000251767715413234?accountId=J26gz1YRRESrzkTuJkvvNw~~
#	Browser: Firefox 93.0, Viewport: 800x600
#
ok 30 - [PASSED TEST] Test: 'Button 2: with some emoji', Application: 'Storybook App 1'
#	Test url: https://eyes.applitools.com/app/test-results/00000251767715429030/00000251767715413089?accountId=J26gz1YRRESrzkTuJkvvNw~~
#	Browser: Firefox 93.0, Viewport: 100x100
#
ok 31 - [PASSED TEST] Test: 'Button 2: with some emoji', Application: 'Storybook App 1'
#	Test url: https://eyes.applitools.com/app/test-results/00000251767715429030/00000251767715413066?accountId=J26gz1YRRESrzkTuJkvvNw~~
#	Browser: Firefox 93.0, Viewport: 400x400
#
ok 32 - [PASSED TEST] Test: 'Button 2: with some emoji', Application: 'Storybook App 1'
#	Test url: https://eyes.applitools.com/app/test-results/00000251767715429030/00000251767715413141?accountId=J26gz1YRRESrzkTuJkvvNw~~
#	Browser: Firefox 93.0, Viewport: 100x100
#
ok 33 - [PASSED TEST] Test: 'Button 2: with some emoji', Application: 'Storybook App 1'
#	Test url: https://eyes.applitools.com/app/test-results/00000251767715429030/00000251767715413087?accountId=J26gz1YRRESrzkTuJkvvNw~~
#	Browser: Firefox 93.0, Viewport: 400x400
#
ok 34 - [PASSED TEST] Test: 'Button 2: with some emoji', Application: 'Storybook App 1'
#	Test url: https://eyes.applitools.com/app/test-results/00000251767715429030/00000251767715412707?accountId=J26gz1YRRESrzkTuJkvvNw~~
#	Browser: Firefox 93.0, Viewport: 1024x768
#
ok 35 - [PASSED TEST] Test: 'Button 2: with some emoji', Application: 'Storybook App 1'
#	Test url: https://eyes.applitools.com/app/test-results/00000251767715429030/00000251767715412009?accountId=J26gz1YRRESrzkTuJkvvNw~~
#	Browser: Firefox 93.0, Viewport: 800x600
#
ok 36 - [PASSED TEST] Test: 'Button 2: with some emoji', Application: 'Storybook App 1'
#	Test url: https://eyes.applitools.com/app/test-results/00000251767715429030/00000251767715412481?accountId=J26gz1YRRESrzkTuJkvvNw~~
#	Browser: Firefox 93.0, Viewport: 100x100
#
ok 37 - [PASSED TEST] Test: 'Button 2: with some emoji', Application: 'Storybook App 1'
#	Test url: https://eyes.applitools.com/app/test-results/00000251767715429030/00000251767715412003?accountId=J26gz1YRRESrzkTuJkvvNw~~
#	Browser: Firefox 93.0, Viewport: 400x400
#
ok 38 - [PASSED TEST] Test: 'Button 2: with some emoji', Application: 'Storybook App 1'
#	Test url: https://eyes.applitools.com/app/test-results/00000251767715429030/00000251767715411964?accountId=J26gz1YRRESrzkTuJkvvNw~~
#	Browser: Firefox 93.0, Viewport: 100x100
#
ok 39 - [PASSED TEST] Test: 'Button 2: with some emoji', Application: 'Storybook App 1'
#	Test url: https://eyes.applitools.com/app/test-results/00000251767715429030/00000251767715411993?accountId=J26gz1YRRESrzkTuJkvvNw~~
#	Browser: Firefox 93.0, Viewport: 400x400
#
ok 40 - [PASSED TEST] Test: 'Button 2: with some emoji', Application: 'Storybook App 1'
#	Test url: https://eyes.applitools.com/app/test-results/00000251767715429030/00000251767715412513?accountId=J26gz1YRRESrzkTuJkvvNw~~
#	Browser: Chrome 94.0, Viewport: 1024x768
#
ok 41 - [PASSED TEST] Test: 'Button 2: with some emoji', Application: 'Storybook App 1'
#	Test url: https://eyes.applitools.com/app/test-results/00000251767715429030/00000251767715411948?accountId=J26gz1YRRESrzkTuJkvvNw~~
#	Browser: Chrome 94.0, Viewport: 800x600
#
ok 42 - [PASSED TEST] Test: 'Button 2: with some emoji', Application: 'Storybook App 1'
#	Test url: https://eyes.applitools.com/app/test-results/00000251767715429030/00000251767715412191?accountId=J26gz1YRRESrzkTuJkvvNw~~
#	Browser: Chrome 94.0, Viewport: 100x100
#
ok 43 - [PASSED TEST] Test: 'Button 2: with some emoji', Application: 'Storybook App 1'
#	Test url: https://eyes.applitools.com/app/test-results/00000251767715429030/00000251767715412063?accountId=J26gz1YRRESrzkTuJkvvNw~~
#	Browser: Chrome 94.0, Viewport: 1024x768
#
ok 44 - [PASSED TEST] Test: 'Button 2: with some emoji', Application: 'Storybook App 1'
#	Test url: https://eyes.applitools.com/app/test-results/00000251767715429030/00000251767715412075?accountId=J26gz1YRRESrzkTuJkvvNw~~
#	Browser: Chrome 94.0, Viewport: 800x600
#
ok 45 - [PASSED TEST] Test: 'Button 2: with some emoji', Application: 'Storybook App 1'
#	Test url: https://eyes.applitools.com/app/test-results/00000251767715429030/00000251767715412306?accountId=J26gz1YRRESrzkTuJkvvNw~~
#	Browser: Chrome 94.0, Viewport: 100x100
#
ok 46 - [PASSED TEST] Test: 'Button 2: with some emoji', Application: 'Storybook App 1'
#	Test url: https://eyes.applitools.com/app/test-results/00000251767715429030/00000251767715412050?accountId=J26gz1YRRESrzkTuJkvvNw~~
#	Browser: Chrome 94.0, Viewport: 1024x768
#
ok 47 - [PASSED TEST] Test: 'Button 2: with some emoji', Application: 'Storybook App 1'
#	Test url: https://eyes.applitools.com/app/test-results/00000251767715429030/00000251767715412042?accountId=J26gz1YRRESrzkTuJkvvNw~~
#	Browser: Chrome 94.0, Viewport: 800x600
#
ok 48 - [PASSED TEST] Test: 'Button 2: with some emoji', Application: 'Storybook App 1'
#	Test url: https://eyes.applitools.com/app/test-results/00000251767715429030/00000251767715412125?accountId=J26gz1YRRESrzkTuJkvvNw~~
#	Browser: Chrome 94.0, Viewport: 100x100
#
ok 49 - [PASSED TEST] Test: 'Button 2: with some emoji', Application: 'Storybook App 1'
#	Test url: https://eyes.applitools.com/app/test-results/00000251767715429030/00000251767715412165?accountId=J26gz1YRRESrzkTuJkvvNw~~
#	Browser: Chrome 94.0, Viewport: 1024x768
#
ok 50 - [PASSED TEST] Test: 'Button 2: with some emoji', Application: 'Storybook App 1'
#	Test url: https://eyes.applitools.com/app/test-results/00000251767715429030/00000251767715412106?accountId=J26gz1YRRESrzkTuJkvvNw~~
#	Browser: Chrome 94.0, Viewport: 800x600
#
ok 51 - [PASSED TEST] Test: 'Button 2: with some emoji', Application: 'Storybook App 1'
#	Test url: https://eyes.applitools.com/app/test-results/00000251767715429030/00000251767715412011?accountId=J26gz1YRRESrzkTuJkvvNw~~
#	Browser: Chrome 94.0, Viewport: 100x100
#
ok 52 - [PASSED TEST] Test: 'Button 2: with some emoji', Application: 'Storybook App 1'
#	Test url: https://eyes.applitools.com/app/test-results/00000251767715429030/00000251767715411738?accountId=J26gz1YRRESrzkTuJkvvNw~~
#	Browser: Chrome 94.0, Viewport: 1024x768
#
ok 53 - [PASSED TEST] Test: 'Button 2: with some emoji', Application: 'Storybook App 1'
#	Test url: https://eyes.applitools.com/app/test-results/00000251767715429030/00000251767715411797?accountId=J26gz1YRRESrzkTuJkvvNw~~
#	Browser: Chrome 94.0, Viewport: 800x600
#
ok 54 - [PASSED TEST] Test: 'Button 2: with some emoji', Application: 'Storybook App 1'
#	Test url: https://eyes.applitools.com/app/test-results/00000251767715429030/00000251767715411886?accountId=J26gz1YRRESrzkTuJkvvNw~~
#	Browser: Chrome 94.0, Viewport: 100x100
#
ok 55 - [PASSED TEST] Test: 'Button 2: with text', Application: 'Storybook App 1'
#	Test url: https://eyes.applitools.com/app/test-results/00000251767715429030/00000251767715419777?accountId=J26gz1YRRESrzkTuJkvvNw~~
#	Browser: Firefox 93.0, Viewport: 1024x768
#
ok 56 - [PASSED TEST] Test: 'Button 2: with text', Application: 'Storybook App 1'
#	Test url: https://eyes.applitools.com/app/test-results/00000251767715429030/00000251767715419879?accountId=J26gz1YRRESrzkTuJkvvNw~~
#	Browser: Firefox 93.0, Viewport: 800x600
#
ok 57 - [PASSED TEST] Test: 'Button 2: with text', Application: 'Storybook App 1'
#	Test url: https://eyes.applitools.com/app/test-results/00000251767715429030/00000251767715420019?accountId=J26gz1YRRESrzkTuJkvvNw~~
#	Browser: Firefox 93.0, Viewport: 100x100
#
ok 58 - [PASSED TEST] Test: 'Button 2: with text', Application: 'Storybook App 1'
#	Test url: https://eyes.applitools.com/app/test-results/00000251767715429030/00000251767715419902?accountId=J26gz1YRRESrzkTuJkvvNw~~
#	Browser: Firefox 93.0, Viewport: 400x400
#
ok 59 - [PASSED TEST] Test: 'Button 2: with text', Application: 'Storybook App 1'
#	Test url: https://eyes.applitools.com/app/test-results/00000251767715429030/00000251767715419906?accountId=J26gz1YRRESrzkTuJkvvNw~~
#	Browser: Firefox 93.0, Viewport: 100x100
#
ok 60 - [PASSED TEST] Test: 'Button 2: with text', Application: 'Storybook App 1'
#	Test url: https://eyes.applitools.com/app/test-results/00000251767715429030/00000251767715419907?accountId=J26gz1YRRESrzkTuJkvvNw~~
#	Browser: Firefox 93.0, Viewport: 400x400
#
ok 61 - [PASSED TEST] Test: 'Button 2: with text', Application: 'Storybook App 1'
#	Test url: https://eyes.applitools.com/app/test-results/00000251767715429030/00000251767715419840?accountId=J26gz1YRRESrzkTuJkvvNw~~
#	Browser: Firefox 93.0, Viewport: 1024x768
#
ok 62 - [PASSED TEST] Test: 'Button 2: with text', Application: 'Storybook App 1'
#	Test url: https://eyes.applitools.com/app/test-results/00000251767715429030/00000251767715419904?accountId=J26gz1YRRESrzkTuJkvvNw~~
#	Browser: Firefox 93.0, Viewport: 800x600
#
ok 63 - [PASSED TEST] Test: 'Button 2: with text', Application: 'Storybook App 1'
#	Test url: https://eyes.applitools.com/app/test-results/00000251767715429030/00000251767715419860?accountId=J26gz1YRRESrzkTuJkvvNw~~
#	Browser: Firefox 93.0, Viewport: 100x100
#
ok 64 - [PASSED TEST] Test: 'Button 2: with text', Application: 'Storybook App 1'
#	Test url: https://eyes.applitools.com/app/test-results/00000251767715429030/00000251767715419957?accountId=J26gz1YRRESrzkTuJkvvNw~~
#	Browser: Firefox 93.0, Viewport: 400x400
#
ok 65 - [PASSED TEST] Test: 'Button 2: with text', Application: 'Storybook App 1'
#	Test url: https://eyes.applitools.com/app/test-results/00000251767715429030/00000251767715419874?accountId=J26gz1YRRESrzkTuJkvvNw~~
#	Browser: Firefox 93.0, Viewport: 100x100
#
ok 66 - [PASSED TEST] Test: 'Button 2: with text', Application: 'Storybook App 1'
#	Test url: https://eyes.applitools.com/app/test-results/00000251767715429030/00000251767715419720?accountId=J26gz1YRRESrzkTuJkvvNw~~
#	Browser: Firefox 93.0, Viewport: 400x400
#
ok 67 - [PASSED TEST] Test: 'Button 2: with text', Application: 'Storybook App 1'
#	Test url: https://eyes.applitools.com/app/test-results/00000251767715429030/00000251767715419910?accountId=J26gz1YRRESrzkTuJkvvNw~~
#	Browser: Chrome 94.0, Viewport: 1024x768
#
ok 68 - [PASSED TEST] Test: 'Button 2: with text', Application: 'Storybook App 1'
#	Test url: https://eyes.applitools.com/app/test-results/00000251767715429030/00000251767715419591?accountId=J26gz1YRRESrzkTuJkvvNw~~
#	Browser: Chrome 94.0, Viewport: 800x600
#
ok 69 - [PASSED TEST] Test: 'Button 2: with text', Application: 'Storybook App 1'
#	Test url: https://eyes.applitools.com/app/test-results/00000251767715429030/00000251767715419577?accountId=J26gz1YRRESrzkTuJkvvNw~~
#	Browser: Chrome 94.0, Viewport: 100x100
#
ok 70 - [PASSED TEST] Test: 'Button 2: with text', Application: 'Storybook App 1'
#	Test url: https://eyes.applitools.com/app/test-results/00000251767715429030/00000251767715419419?accountId=J26gz1YRRESrzkTuJkvvNw~~
#	Browser: Chrome 94.0, Viewport: 1024x768
#
ok 71 - [PASSED TEST] Test: 'Button 2: with text', Application: 'Storybook App 1'
#	Test url: https://eyes.applitools.com/app/test-results/00000251767715429030/00000251767715417935?accountId=J26gz1YRRESrzkTuJkvvNw~~
#	Browser: Chrome 94.0, Viewport: 800x600
#
ok 72 - [PASSED TEST] Test: 'Button 2: with text', Application: 'Storybook App 1'
#	Test url: https://eyes.applitools.com/app/test-results/00000251767715429030/00000251767715418074?accountId=J26gz1YRRESrzkTuJkvvNw~~
#	Browser: Chrome 94.0, Viewport: 100x100
#
ok 73 - [PASSED TEST] Test: 'Button 2: with text', Application: 'Storybook App 1'
#	Test url: https://eyes.applitools.com/app/test-results/00000251767715429030/00000251767715417879?accountId=J26gz1YRRESrzkTuJkvvNw~~
#	Browser: Chrome 94.0, Viewport: 1024x768
#
ok 74 - [PASSED TEST] Test: 'Button 2: with text', Application: 'Storybook App 1'
#	Test url: https://eyes.applitools.com/app/test-results/00000251767715429030/00000251767715414878?accountId=J26gz1YRRESrzkTuJkvvNw~~
#	Browser: Chrome 94.0, Viewport: 800x600
#
ok 75 - [PASSED TEST] Test: 'Button 2: with text', Application: 'Storybook App 1'
#	Test url: https://eyes.applitools.com/app/test-results/00000251767715429030/00000251767715414025?accountId=J26gz1YRRESrzkTuJkvvNw~~
#	Browser: Chrome 94.0, Viewport: 100x100
#
ok 76 - [PASSED TEST] Test: 'Button 2: with text', Application: 'Storybook App 1'
#	Test url: https://eyes.applitools.com/app/test-results/00000251767715429030/00000251767715413978?accountId=J26gz1YRRESrzkTuJkvvNw~~
#	Browser: Chrome 94.0, Viewport: 1024x768
#
ok 77 - [PASSED TEST] Test: 'Button 2: with text', Application: 'Storybook App 1'
#	Test url: https://eyes.applitools.com/app/test-results/00000251767715429030/00000251767715413464?accountId=J26gz1YRRESrzkTuJkvvNw~~
#	Browser: Chrome 94.0, Viewport: 800x600
#
ok 78 - [PASSED TEST] Test: 'Button 2: with text', Application: 'Storybook App 1'
#	Test url: https://eyes.applitools.com/app/test-results/00000251767715429030/00000251767715413563?accountId=J26gz1YRRESrzkTuJkvvNw~~
#	Browser: Chrome 94.0, Viewport: 100x100
#
ok 79 - [PASSED TEST] Test: 'Button 2: with text', Application: 'Storybook App 1'
#	Test url: https://eyes.applitools.com/app/test-results/00000251767715429030/00000251767715413441?accountId=J26gz1YRRESrzkTuJkvvNw~~
#	Browser: Chrome 94.0, Viewport: 1024x768
#
ok 80 - [PASSED TEST] Test: 'Button 2: with text', Application: 'Storybook App 1'
#	Test url: https://eyes.applitools.com/app/test-results/00000251767715429030/00000251767715413415?accountId=J26gz1YRRESrzkTuJkvvNw~~
#	Browser: Chrome 94.0, Viewport: 800x600
#
ok 81 - [PASSED TEST] Test: 'Button 2: with text', Application: 'Storybook App 1'
#	Test url: https://eyes.applitools.com/app/test-results/00000251767715429030/00000251767715413433?accountId=J26gz1YRRESrzkTuJkvvNw~~
#	Browser: Chrome 94.0, Viewport: 100x100
#
ok 82 - [PASSED TEST] Test: 'Button: with some emoji', Application: 'Storybook App 1'
#	Test url: https://eyes.applitools.com/app/test-results/00000251767715429030/00000251767715428373?accountId=J26gz1YRRESrzkTuJkvvNw~~
#	Browser: Firefox 93.0, Viewport: 1024x768
#
ok 83 - [PASSED TEST] Test: 'Button: with some emoji', Application: 'Storybook App 1'
#	Test url: https://eyes.applitools.com/app/test-results/00000251767715429030/00000251767715428780?accountId=J26gz1YRRESrzkTuJkvvNw~~
#	Browser: Firefox 93.0, Viewport: 800x600
#
ok 84 - [PASSED TEST] Test: 'Button: with some emoji', Application: 'Storybook App 1'
#	Test url: https://eyes.applitools.com/app/test-results/00000251767715429030/00000251767715428500?accountId=J26gz1YRRESrzkTuJkvvNw~~
#	Browser: Firefox 93.0, Viewport: 100x100
#
ok 85 - [PASSED TEST] Test: 'Button: with some emoji', Application: 'Storybook App 1'
#	Test url: https://eyes.applitools.com/app/test-results/00000251767715429030/00000251767715428529?accountId=J26gz1YRRESrzkTuJkvvNw~~
#	Browser: Firefox 93.0, Viewport: 400x400
#
ok 86 - [PASSED TEST] Test: 'Button: with some emoji', Application: 'Storybook App 1'
#	Test url: https://eyes.applitools.com/app/test-results/00000251767715429030/00000251767715428637?accountId=J26gz1YRRESrzkTuJkvvNw~~
#	Browser: Firefox 93.0, Viewport: 100x100
#
ok 87 - [PASSED TEST] Test: 'Button: with some emoji', Application: 'Storybook App 1'
#	Test url: https://eyes.applitools.com/app/test-results/00000251767715429030/00000251767715428436?accountId=J26gz1YRRESrzkTuJkvvNw~~
#	Browser: Firefox 93.0, Viewport: 400x400
#
ok 88 - [PASSED TEST] Test: 'Button: with some emoji', Application: 'Storybook App 1'
#	Test url: https://eyes.applitools.com/app/test-results/00000251767715429030/00000251767715428705?accountId=J26gz1YRRESrzkTuJkvvNw~~
#	Browser: Firefox 93.0, Viewport: 1024x768
#
ok 89 - [PASSED TEST] Test: 'Button: with some emoji', Application: 'Storybook App 1'
#	Test url: https://eyes.applitools.com/app/test-results/00000251767715429030/00000251767715428547?accountId=J26gz1YRRESrzkTuJkvvNw~~
#	Browser: Firefox 93.0, Viewport: 800x600
#
ok 90 - [PASSED TEST] Test: 'Button: with some emoji', Application: 'Storybook App 1'
#	Test url: https://eyes.applitools.com/app/test-results/00000251767715429030/00000251767715428404?accountId=J26gz1YRRESrzkTuJkvvNw~~
#	Browser: Firefox 93.0, Viewport: 100x100
#
ok 91 - [PASSED TEST] Test: 'Button: with some emoji', Application: 'Storybook App 1'
#	Test url: https://eyes.applitools.com/app/test-results/00000251767715429030/00000251767715428262?accountId=J26gz1YRRESrzkTuJkvvNw~~
#	Browser: Firefox 93.0, Viewport: 400x400
#
ok 92 - [PASSED TEST] Test: 'Button: with some emoji', Application: 'Storybook App 1'
#	Test url: https://eyes.applitools.com/app/test-results/00000251767715429030/00000251767715428233?accountId=J26gz1YRRESrzkTuJkvvNw~~
#	Browser: Firefox 93.0, Viewport: 100x100
#
ok 93 - [PASSED TEST] Test: 'Button: with some emoji', Application: 'Storybook App 1'
#	Test url: https://eyes.applitools.com/app/test-results/00000251767715429030/00000251767715428580?accountId=J26gz1YRRESrzkTuJkvvNw~~
#	Browser: Firefox 93.0, Viewport: 400x400
#
ok 94 - [PASSED TEST] Test: 'Button: with some emoji', Application: 'Storybook App 1'
#	Test url: https://eyes.applitools.com/app/test-results/00000251767715429030/00000251767715428438?accountId=J26gz1YRRESrzkTuJkvvNw~~
#	Browser: Chrome 94.0, Viewport: 1024x768
#
ok 95 - [PASSED TEST] Test: 'Button: with some emoji', Application: 'Storybook App 1'
#	Test url: https://eyes.applitools.com/app/test-results/00000251767715429030/00000251767715428092?accountId=J26gz1YRRESrzkTuJkvvNw~~
#	Browser: Chrome 94.0, Viewport: 800x600
#
ok 96 - [PASSED TEST] Test: 'Button: with some emoji', Application: 'Storybook App 1'
#	Test url: https://eyes.applitools.com/app/test-results/00000251767715429030/00000251767715428200?accountId=J26gz1YRRESrzkTuJkvvNw~~
#	Browser: Chrome 94.0, Viewport: 100x100
#
ok 97 - [PASSED TEST] Test: 'Button: with some emoji', Application: 'Storybook App 1'
#	Test url: https://eyes.applitools.com/app/test-results/00000251767715429030/00000251767715427717?accountId=J26gz1YRRESrzkTuJkvvNw~~
#	Browser: Chrome 94.0, Viewport: 1024x768
#
ok 98 - [PASSED TEST] Test: 'Button: with some emoji', Application: 'Storybook App 1'
#	Test url: https://eyes.applitools.com/app/test-results/00000251767715429030/00000251767715428627?accountId=J26gz1YRRESrzkTuJkvvNw~~
#	Browser: Chrome 94.0, Viewport: 800x600
#
ok 99 - [PASSED TEST] Test: 'Button: with some emoji', Application: 'Storybook App 1'
#	Test url: https://eyes.applitools.com/app/test-results/00000251767715429030/00000251767715428188?accountId=J26gz1YRRESrzkTuJkvvNw~~
#	Browser: Chrome 94.0, Viewport: 100x100
#
ok 100 - [PASSED TEST] Test: 'Button: with some emoji', Application: 'Storybook App 1'
#	Test url: https://eyes.applitools.com/app/test-results/00000251767715429030/00000251767715427967?accountId=J26gz1YRRESrzkTuJkvvNw~~
#	Browser: Chrome 94.0, Viewport: 1024x768
#
ok 101 - [PASSED TEST] Test: 'Button: with some emoji', Application: 'Storybook App 1'
#	Test url: https://eyes.applitools.com/app/test-results/00000251767715429030/00000251767715427981?accountId=J26gz1YRRESrzkTuJkvvNw~~
#	Browser: Chrome 94.0, Viewport: 800x600
#
ok 102 - [PASSED TEST] Test: 'Button: with some emoji', Application: 'Storybook App 1'
#	Test url: https://eyes.applitools.com/app/test-results/00000251767715429030/00000251767715427983?accountId=J26gz1YRRESrzkTuJkvvNw~~
#	Browser: Chrome 94.0, Viewport: 100x100
#
ok 103 - [PASSED TEST] Test: 'Button: with some emoji', Application: 'Storybook App 1'
#	Test url: https://eyes.applitools.com/app/test-results/00000251767715429030/00000251767715428658?accountId=J26gz1YRRESrzkTuJkvvNw~~
#	Browser: Chrome 94.0, Viewport: 1024x768
#
ok 104 - [PASSED TEST] Test: 'Button: with some emoji', Application: 'Storybook App 1'
#	Test url: https://eyes.applitools.com/app/test-results/00000251767715429030/00000251767715428250?accountId=J26gz1YRRESrzkTuJkvvNw~~
#	Browser: Chrome 94.0, Viewport: 800x600
#
ok 105 - [PASSED TEST] Test: 'Button: with some emoji', Application: 'Storybook App 1'
#	Test url: https://eyes.applitools.com/app/test-results/00000251767715429030/00000251767715428123?accountId=J26gz1YRRESrzkTuJkvvNw~~
#	Browser: Chrome 94.0, Viewport: 100x100
#
ok 106 - [PASSED TEST] Test: 'Button: with some emoji', Application: 'Storybook App 1'
#	Test url: https://eyes.applitools.com/app/test-results/00000251767715429030/00000251767715428043?accountId=J26gz1YRRESrzkTuJkvvNw~~
#	Browser: Chrome 94.0, Viewport: 1024x768
#
ok 107 - [PASSED TEST] Test: 'Button: with some emoji', Application: 'Storybook App 1'
#	Test url: https://eyes.applitools.com/app/test-results/00000251767715429030/00000251767715427936?accountId=J26gz1YRRESrzkTuJkvvNw~~
#	Browser: Chrome 94.0, Viewport: 800x600
#
ok 108 - [PASSED TEST] Test: 'Button: with some emoji', Application: 'Storybook App 1'
#	Test url: https://eyes.applitools.com/app/test-results/00000251767715429030/00000251767715428533?accountId=J26gz1YRRESrzkTuJkvvNw~~
#	Browser: Chrome 94.0, Viewport: 100x100
#
ok 109 - [PASSED TEST] Test: 'Button: with text', Application: 'Storybook App 1'
#	Test url: https://eyes.applitools.com/app/test-results/00000251767715429030/00000251767715428203?accountId=J26gz1YRRESrzkTuJkvvNw~~
#	Browser: Firefox 93.0, Viewport: 1024x768
#
ok 110 - [PASSED TEST] Test: 'Button: with text', Application: 'Storybook App 1'
#	Test url: https://eyes.applitools.com/app/test-results/00000251767715429030/00000251767715428045?accountId=J26gz1YRRESrzkTuJkvvNw~~
#	Browser: Firefox 93.0, Viewport: 800x600
#
ok 111 - [PASSED TEST] Test: 'Button: with text', Application: 'Storybook App 1'
#	Test url: https://eyes.applitools.com/app/test-results/00000251767715429030/00000251767715428012?accountId=J26gz1YRRESrzkTuJkvvNw~~
#	Browser: Firefox 93.0, Viewport: 100x100
#
ok 112 - [PASSED TEST] Test: 'Button: with text', Application: 'Storybook App 1'
#	Test url: https://eyes.applitools.com/app/test-results/00000251767715429030/00000251767715428061?accountId=J26gz1YRRESrzkTuJkvvNw~~
#	Browser: Firefox 93.0, Viewport: 400x400
#
ok 113 - [PASSED TEST] Test: 'Button: with text', Application: 'Storybook App 1'
#	Test url: https://eyes.applitools.com/app/test-results/00000251767715429030/00000251767715428595?accountId=J26gz1YRRESrzkTuJkvvNw~~
#	Browser: Firefox 93.0, Viewport: 100x100
#
ok 114 - [PASSED TEST] Test: 'Button: with text', Application: 'Storybook App 1'
#	Test url: https://eyes.applitools.com/app/test-results/00000251767715429030/00000251767715428125?accountId=J26gz1YRRESrzkTuJkvvNw~~
#	Browser: Firefox 93.0, Viewport: 400x400
#
ok 115 - [PASSED TEST] Test: 'Button: with text', Application: 'Storybook App 1'
#	Test url: https://eyes.applitools.com/app/test-results/00000251767715429030/00000251767715428107?accountId=J26gz1YRRESrzkTuJkvvNw~~
#	Browser: Firefox 93.0, Viewport: 1024x768
#
ok 116 - [PASSED TEST] Test: 'Button: with text', Application: 'Storybook App 1'
#	Test url: https://eyes.applitools.com/app/test-results/00000251767715429030/00000251767715428090?accountId=J26gz1YRRESrzkTuJkvvNw~~
#	Browser: Firefox 93.0, Viewport: 800x600
#
ok 117 - [PASSED TEST] Test: 'Button: with text', Application: 'Storybook App 1'
#	Test url: https://eyes.applitools.com/app/test-results/00000251767715429030/00000251767715427748?accountId=J26gz1YRRESrzkTuJkvvNw~~
#	Browser: Firefox 93.0, Viewport: 100x100
#
ok 118 - [PASSED TEST] Test: 'Button: with text', Application: 'Storybook App 1'
#	Test url: https://eyes.applitools.com/app/test-results/00000251767715429030/00000251767715428470?accountId=J26gz1YRRESrzkTuJkvvNw~~
#	Browser: Firefox 93.0, Viewport: 400x400
#
ok 119 - [PASSED TEST] Test: 'Button: with text', Application: 'Storybook App 1'
#	Test url: https://eyes.applitools.com/app/test-results/00000251767715429030/00000251767715428094?accountId=J26gz1YRRESrzkTuJkvvNw~~
#	Browser: Firefox 93.0, Viewport: 100x100
#
ok 120 - [PASSED TEST] Test: 'Button: with text', Application: 'Storybook App 1'
#	Test url: https://eyes.applitools.com/app/test-results/00000251767715429030/00000251767715427935?accountId=J26gz1YRRESrzkTuJkvvNw~~
#	Browser: Firefox 93.0, Viewport: 400x400
#
ok 121 - [PASSED TEST] Test: 'Button: with text', Application: 'Storybook App 1'
#	Test url: https://eyes.applitools.com/app/test-results/00000251767715429030/00000251767715428106?accountId=J26gz1YRRESrzkTuJkvvNw~~
#	Browser: Chrome 94.0, Viewport: 1024x768
#
ok 122 - [PASSED TEST] Test: 'Button: with text', Application: 'Storybook App 1'
#	Test url: https://eyes.applitools.com/app/test-results/00000251767715429030/00000251767715428639?accountId=J26gz1YRRESrzkTuJkvvNw~~
#	Browser: Chrome 94.0, Viewport: 800x600
#
ok 123 - [PASSED TEST] Test: 'Button: with text', Application: 'Storybook App 1'
#	Test url: https://eyes.applitools.com/app/test-results/00000251767715429030/00000251767715428236?accountId=J26gz1YRRESrzkTuJkvvNw~~
#	Browser: Chrome 94.0, Viewport: 100x100
#
ok 124 - [PASSED TEST] Test: 'Button: with text', Application: 'Storybook App 1'
#	Test url: https://eyes.applitools.com/app/test-results/00000251767715429030/00000251767715428641?accountId=J26gz1YRRESrzkTuJkvvNw~~
#	Browser: Chrome 94.0, Viewport: 1024x768
#
ok 125 - [PASSED TEST] Test: 'Button: with text', Application: 'Storybook App 1'
#	Test url: https://eyes.applitools.com/app/test-results/00000251767715429030/00000251767715428686?accountId=J26gz1YRRESrzkTuJkvvNw~~
#	Browser: Chrome 94.0, Viewport: 800x600
#
ok 126 - [PASSED TEST] Test: 'Button: with text', Application: 'Storybook App 1'
#	Test url: https://eyes.applitools.com/app/test-results/00000251767715429030/00000251767715428684?accountId=J26gz1YRRESrzkTuJkvvNw~~
#	Browser: Chrome 94.0, Viewport: 100x100
#
ok 127 - [PASSED TEST] Test: 'Button: with text', Application: 'Storybook App 1'
#	Test url: https://eyes.applitools.com/app/test-results/00000251767715429030/00000251767715428530?accountId=J26gz1YRRESrzkTuJkvvNw~~
#	Browser: Chrome 94.0, Viewport: 1024x768
#
ok 128 - [PASSED TEST] Test: 'Button: with text', Application: 'Storybook App 1'
#	Test url: https://eyes.applitools.com/app/test-results/00000251767715429030/00000251767715428205?accountId=J26gz1YRRESrzkTuJkvvNw~~
#	Browser: Chrome 94.0, Viewport: 800x600
#
ok 129 - [PASSED TEST] Test: 'Button: with text', Application: 'Storybook App 1'
#	Test url: https://eyes.applitools.com/app/test-results/00000251767715429030/00000251767715428610?accountId=J26gz1YRRESrzkTuJkvvNw~~
#	Browser: Chrome 94.0, Viewport: 100x100
#
ok 130 - [PASSED TEST] Test: 'Button: with text', Application: 'Storybook App 1'
#	Test url: https://eyes.applitools.com/app/test-results/00000251767715429030/00000251767715428576?accountId=J26gz1YRRESrzkTuJkvvNw~~
#	Browser: Chrome 94.0, Viewport: 1024x768
#
ok 131 - [PASSED TEST] Test: 'Button: with text', Application: 'Storybook App 1'
#	Test url: https://eyes.applitools.com/app/test-results/00000251767715429030/00000251767715428653?accountId=J26gz1YRRESrzkTuJkvvNw~~
#	Browser: Chrome 94.0, Viewport: 800x600
#
ok 132 - [PASSED TEST] Test: 'Button: with text', Application: 'Storybook App 1'
#	Test url: https://eyes.applitools.com/app/test-results/00000251767715429030/00000251767715422138?accountId=J26gz1YRRESrzkTuJkvvNw~~
#	Browser: Chrome 94.0, Viewport: 100x100
#
ok 133 - [PASSED TEST] Test: 'Button: with text', Application: 'Storybook App 1'
#	Test url: https://eyes.applitools.com/app/test-results/00000251767715429030/00000251767715421965?accountId=J26gz1YRRESrzkTuJkvvNw~~
#	Browser: Chrome 94.0, Viewport: 1024x768
#
ok 134 - [PASSED TEST] Test: 'Button: with text', Application: 'Storybook App 1'
#	Test url: https://eyes.applitools.com/app/test-results/00000251767715429030/00000251767715421904?accountId=J26gz1YRRESrzkTuJkvvNw~~
#	Browser: Chrome 94.0, Viewport: 800x600
#
ok 135 - [PASSED TEST] Test: 'Button: with text', Application: 'Storybook App 1'
#	Test url: https://eyes.applitools.com/app/test-results/00000251767715429030/00000251767715421953?accountId=J26gz1YRRESrzkTuJkvvNw~~
#	Browser: Chrome 94.0, Viewport: 100x100
#
ok 136 - [PASSED TEST] Test: 'Welcome: to Storybook', Application: 'Storybook App 1'
#	Test url: https://eyes.applitools.com/app/test-results/00000251767715429030/00000251767715420996?accountId=J26gz1YRRESrzkTuJkvvNw~~
#	Browser: Firefox 93.0, Viewport: 1024x768
#
ok 137 - [PASSED TEST] Test: 'Welcome: to Storybook', Application: 'Storybook App 1'
#	Test url: https://eyes.applitools.com/app/test-results/00000251767715429030/00000251767715421441?accountId=J26gz1YRRESrzkTuJkvvNw~~
#	Browser: Firefox 93.0, Viewport: 800x600
#
ok 138 - [PASSED TEST] Test: 'Welcome: to Storybook', Application: 'Storybook App 1'
#	Test url: https://eyes.applitools.com/app/test-results/00000251767715429030/00000251767715421249?accountId=J26gz1YRRESrzkTuJkvvNw~~
#	Browser: Firefox 93.0, Viewport: 100x100
#
ok 139 - [PASSED TEST] Test: 'Welcome: to Storybook', Application: 'Storybook App 1'
#	Test url: https://eyes.applitools.com/app/test-results/00000251767715429030/00000251767715421079?accountId=J26gz1YRRESrzkTuJkvvNw~~
#	Browser: Firefox 93.0, Viewport: 400x400
#
ok 140 - [PASSED TEST] Test: 'Welcome: to Storybook', Application: 'Storybook App 1'
#	Test url: https://eyes.applitools.com/app/test-results/00000251767715429030/00000251767715420965?accountId=J26gz1YRRESrzkTuJkvvNw~~
#	Browser: Firefox 93.0, Viewport: 100x100
#
ok 141 - [PASSED TEST] Test: 'Welcome: to Storybook', Application: 'Storybook App 1'
#	Test url: https://eyes.applitools.com/app/test-results/00000251767715429030/00000251767715421388?accountId=J26gz1YRRESrzkTuJkvvNw~~
#	Browser: Firefox 93.0, Viewport: 400x400
#
ok 142 - [PASSED TEST] Test: 'Welcome: to Storybook', Application: 'Storybook App 1'
#	Test url: https://eyes.applitools.com/app/test-results/00000251767715429030/00000251767715421129?accountId=J26gz1YRRESrzkTuJkvvNw~~
#	Browser: Firefox 93.0, Viewport: 1024x768
#
ok 143 - [PASSED TEST] Test: 'Welcome: to Storybook', Application: 'Storybook App 1'
#	Test url: https://eyes.applitools.com/app/test-results/00000251767715429030/00000251767715421277?accountId=J26gz1YRRESrzkTuJkvvNw~~
#	Browser: Firefox 93.0, Viewport: 800x600
#
ok 144 - [PASSED TEST] Test: 'Welcome: to Storybook', Application: 'Storybook App 1'
#	Test url: https://eyes.applitools.com/app/test-results/00000251767715429030/00000251767715421222?accountId=J26gz1YRRESrzkTuJkvvNw~~
#	Browser: Firefox 93.0, Viewport: 100x100
#
ok 145 - [PASSED TEST] Test: 'Welcome: to Storybook', Application: 'Storybook App 1'
#	Test url: https://eyes.applitools.com/app/test-results/00000251767715429030/00000251767715421265?accountId=J26gz1YRRESrzkTuJkvvNw~~
#	Browser: Firefox 93.0, Viewport: 400x400
#
ok 146 - [PASSED TEST] Test: 'Welcome: to Storybook', Application: 'Storybook App 1'
#	Test url: https://eyes.applitools.com/app/test-results/00000251767715429030/00000251767715421095?accountId=J26gz1YRRESrzkTuJkvvNw~~
#	Browser: Firefox 93.0, Viewport: 100x100
#
ok 147 - [PASSED TEST] Test: 'Welcome: to Storybook', Application: 'Storybook App 1'
#	Test url: https://eyes.applitools.com/app/test-results/00000251767715429030/00000251767715421262?accountId=J26gz1YRRESrzkTuJkvvNw~~
#	Browser: Firefox 93.0, Viewport: 400x400
#
ok 148 - [PASSED TEST] Test: 'Welcome: to Storybook', Application: 'Storybook App 1'
#	Test url: https://eyes.applitools.com/app/test-results/00000251767715429030/00000251767715421154?accountId=J26gz1YRRESrzkTuJkvvNw~~
#	Browser: Chrome 94.0, Viewport: 1024x768
#
ok 149 - [PASSED TEST] Test: 'Welcome: to Storybook', Application: 'Storybook App 1'
#	Test url: https://eyes.applitools.com/app/test-results/00000251767715429030/00000251767715420985?accountId=J26gz1YRRESrzkTuJkvvNw~~
#	Browser: Chrome 94.0, Viewport: 800x600
#
ok 150 - [PASSED TEST] Test: 'Welcome: to Storybook', Application: 'Storybook App 1'
#	Test url: https://eyes.applitools.com/app/test-results/00000251767715429030/00000251767715421238?accountId=J26gz1YRRESrzkTuJkvvNw~~
#	Browser: Chrome 94.0, Viewport: 100x100
#
ok 151 - [PASSED TEST] Test: 'Welcome: to Storybook', Application: 'Storybook App 1'
#	Test url: https://eyes.applitools.com/app/test-results/00000251767715429030/00000251767715421187?accountId=J26gz1YRRESrzkTuJkvvNw~~
#	Browser: Chrome 94.0, Viewport: 1024x768
#
ok 152 - [PASSED TEST] Test: 'Welcome: to Storybook', Application: 'Storybook App 1'
#	Test url: https://eyes.applitools.com/app/test-results/00000251767715429030/00000251767715420982?accountId=J26gz1YRRESrzkTuJkvvNw~~
#	Browser: Chrome 94.0, Viewport: 800x600
#
ok 153 - [PASSED TEST] Test: 'Welcome: to Storybook', Application: 'Storybook App 1'
#	Test url: https://eyes.applitools.com/app/test-results/00000251767715429030/00000251767715420859?accountId=J26gz1YRRESrzkTuJkvvNw~~
#	Browser: Chrome 94.0, Viewport: 100x100
#
ok 154 - [PASSED TEST] Test: 'Welcome: to Storybook', Application: 'Storybook App 1'
#	Test url: https://eyes.applitools.com/app/test-results/00000251767715429030/00000251767715420840?accountId=J26gz1YRRESrzkTuJkvvNw~~
#	Browser: Chrome 94.0, Viewport: 1024x768
#
ok 155 - [PASSED TEST] Test: 'Welcome: to Storybook', Application: 'Storybook App 1'
#	Test url: https://eyes.applitools.com/app/test-results/00000251767715429030/00000251767715420720?accountId=J26gz1YRRESrzkTuJkvvNw~~
#	Browser: Chrome 94.0, Viewport: 800x600
#
ok 156 - [PASSED TEST] Test: 'Welcome: to Storybook', Application: 'Storybook App 1'
#	Test url: https://eyes.applitools.com/app/test-results/00000251767715429030/00000251767715421035?accountId=J26gz1YRRESrzkTuJkvvNw~~
#	Browser: Chrome 94.0, Viewport: 100x100
#
ok 157 - [PASSED TEST] Test: 'Welcome: to Storybook', Application: 'Storybook App 1'
#	Test url: https://eyes.applitools.com/app/test-results/00000251767715429030/00000251767715420423?accountId=J26gz1YRRESrzkTuJkvvNw~~
#	Browser: Chrome 94.0, Viewport: 1024x768
#
ok 158 - [PASSED TEST] Test: 'Welcome: to Storybook', Application: 'Storybook App 1'
#	Test url: https://eyes.applitools.com/app/test-results/00000251767715429030/00000251767715420843?accountId=J26gz1YRRESrzkTuJkvvNw~~
#	Browser: Chrome 94.0, Viewport: 800x600
#
ok 159 - [PASSED TEST] Test: 'Welcome: to Storybook', Application: 'Storybook App 1'
#	Test url: https://eyes.applitools.com/app/test-results/00000251767715429030/00000251767715420419?accountId=J26gz1YRRESrzkTuJkvvNw~~
#	Browser: Chrome 94.0, Viewport: 100x100
#
ok 160 - [PASSED TEST] Test: 'Welcome: to Storybook', Application: 'Storybook App 1'
#	Test url: https://eyes.applitools.com/app/test-results/00000251767715429030/00000251767715420496?accountId=J26gz1YRRESrzkTuJkvvNw~~
#	Browser: Chrome 94.0, Viewport: 1024x768
#
ok 161 - [PASSED TEST] Test: 'Welcome: to Storybook', Application: 'Storybook App 1'
#	Test url: https://eyes.applitools.com/app/test-results/00000251767715429030/00000251767715420488?accountId=J26gz1YRRESrzkTuJkvvNw~~
#	Browser: Chrome 94.0, Viewport: 800x600
#
ok 162 - [PASSED TEST] Test: 'Welcome: to Storybook', Application: 'Storybook App 1'
#	Test url: https://eyes.applitools.com/app/test-results/00000251767715429030/00000251767715420470?accountId=J26gz1YRRESrzkTuJkvvNw~~
#	Browser: Chrome 94.0, Viewport: 100x100
